2026-05-18 16:28:46 PM - DEBUG: 这是调试级别的日志
2026-05-18 16:28:46 PM - INFO: 这是信息级别的日志
2026-05-18 16:28:46 PM - WARNING: 这是警告级别的日志
2026-05-18 16:28:46 PM - ERROR: 这是错误级别的日志
2026-05-18 16:28:46 PM - CRITICAL: 这是严重级别的日志
2026-05-18 16:28:50 PM - DEBUG: 这是调试级别的日志
2026-05-18 16:28:50 PM - INFO: 这是信息级别的日志
2026-05-18 16:28:50 PM - WARNING: 这是警告级别的日志
2026-05-18 16:28:50 PM - ERROR: 这是错误级别的日志
2026-05-18 16:28:50 PM - CRITICAL: 这是严重级别的日志
2026-05-18 16:45:01 PM - DEBUG: 这是调试级别的日志
2026-05-18 16:45:01 PM - INFO: 这是信息级别的日志
2026-05-18 16:45:01 PM - WARNING: 这是警告级别的日志
2026-05-18 16:45:01 PM - ERROR: 这是错误级别的日志
2026-05-18 16:45:01 PM - CRITICAL: 这是严重级别的日志
2026-05-18 16:51:42 PM - DEBUG: 这是调试级别的日志
2026-05-18 16:51:42 PM - INFO: 这是信息级别的日志
2026-05-18 16:51:42 PM - WARNING: 这是警告级别的日志
2026-05-18 16:51:42 PM - ERROR: 这是错误级别的日志
2026-05-18 16:51:42 PM - CRITICAL: 这是严重级别的日志
